// Jest Snapshot v1, https://goo.gl/fbAQLP

exports[`<App /> renders correctly 1`] = `
<View
  style={
    {
      "alignItems": "center",
      "flex": 1,
      "justifyContent": "center",
      "marginTop": 22,
    }
  }
>
  <Modal
    animationType="slide"
    hardwareAccelerated={false}
    onRequestClose={[Function]}
    transparent={true}
    visible={true}
  >
    <View
      style={
        {
          "alignItems": "center",
          "flex": 1,
          "justifyContent": "center",
          "marginTop": 22,
        }
      }
    >
      <View
        style={
          {
            "alignItems": "center",
            "backgroundColor": "#313338",
            "borderRadius": 15,
            "margin": 20,
            "minHeight": "30%",
            "padding": 35,
            "width": "80%",
          }
        }
      >
        <View
          style={
            {
              "flexDirection": "row",
              "justifyContent": "space-around",
            }
          }
        >
          <Text
            style={
              {
                "color": "white",
                "fontSize": 17,
                "fontWeight": "bold",
                "marginBottom": 15,
                "textAlign": "center",
              }
            }
          />
        </View>
        <View />
        <Text
          style={
            {
              "color": "white",
              "fontSize": 15,
              "marginBottom": 15,
              "textAlign": "center",
            }
          }
        >
            
        </Text>
        <View
          style={
            {
              "flexDirection": "row",
              "justifyContent": "space-around",
            }
          }
        >
          <View
            accessibilityState={
              {
                "busy": undefined,
                "checked": undefined,
                "disabled": undefined,
                "expanded": undefined,
                "selected": undefined,
              }
            }
            accessibilityValue={
              {
                "max": undefined,
                "min": undefined,
                "now": undefined,
                "text": undefined,
              }
            }
            accessible={true}
            collapsable={false}
            focusable={true}
            onClick={[Function]}
            onResponderGrant={[Function]}
            onResponderMove={[Function]}
            onResponderRelease={[Function]}
            onResponderTerminate={[Function]}
            onResponderTerminationRequest={[Function]}
            onStartShouldSetResponder={[Function]}
            style={
              {
                "backgroundColor": "#56AF84",
                "borderRadius": 2,
                "height": 40,
                "opacity": 1,
                "width": "40%",
              }
            }
          >
            <Text
              style={
                {
                  "color": "white",
                  "fontSize": 15,
                  "paddingTop": 8,
                  "textAlign": "center",
                }
              }
            >
              Vale
            </Text>
          </View>
        </View>
      </View>
    </View>
  </Modal>
</View>
`;
